// Jest Snapshot v1, https://goo.gl/fbAQLP

exports[`TableList should match 1`] = `
Array [
  <p
    className="text-center m-5"
    data-testid="nullContributorsText"
  >
    Please enter a repository name and his owner name to find it's contributors
  </p>,
  <p
    className="text-center m-5"
  >
    <span>
      Suggestions: skylab-bootcamp-202007 repository owned by SkylabCoders
    </span>
  </p>,
]
`;
