// Jest Snapshot v1, https://goo.gl/fbAQLP

exports[`DocumentList should match snapshot 1`] = `
Array [
  <ul
    className="document__container"
  >
    <li
      className="document__item"
    >
      <div>
        <a
          aria-current={null}
          href="/documents/undefined"
          onClick={[Function]}
        >
          <p />
        </a>
        <div>
          <p />
          <p />
        </div>
      </div>
      <button
        data-testid="button"
        onClick={[Function]}
      >
        Delete
      </button>
    </li>
  </ul>,
  " ",
  <div
    className="Toastify"
  />,
  " ",
]
`;
